node_modules/@tinymce/tinymce-react/lib/cjs/main/ts/components/Editor.d.ts(2,55): error TS2307: Cannot find module 'tinymce' or its corresponding type declarations.
node_modules/@tinymce/tinymce-react/lib/cjs/main/ts/components/Editor.d.ts(84,40): error TS2339: Property 'plugins' does not exist on type '{}'.
node_modules/@tinymce/tinymce-react/lib/cjs/main/ts/components/Editor.d.ts(89,40): error TS2339: Property 'toolbar' does not exist on type '{}'.
node_modules/@tinymce/tinymce-react/lib/cjs/main/ts/Events.d.ts(1,67): error TS2307: Cannot find module 'tinymce' or its corresponding type declarations.
node_modules/next/dist/build/templates/app-page.d.ts(10,40): error TS2307: Cannot find module 'VAR_MODULE_GLOBAL_ERROR' or its corresponding type declarations.
node_modules/next/dist/build/webpack-config.d.ts(9,104): error TS2694: Namespace '"D:/8-BIT/Webdayhoc/python-lms/node_modules/next/dist/compiled/webpack/webpack".webpack' has no exported member 'RuleSetUseItem'.
node_modules/next/dist/build/webpack/loaders/next-app-loader/index.d.ts(1,13): error TS2613: Module '"D:/8-BIT/Webdayhoc/python-lms/node_modules/next/dist/compiled/webpack/webpack"' has no default export. Did you mean to use 'import { webpack } from "D:/8-BIT/Webdayhoc/python-lms/node_modules/next/dist/compiled/webpack/webpack"' instead?
node_modules/next/dist/client/components/error-boundary.d.ts(1,8): error TS1259: Module '"D:/8-BIT/Webdayhoc/python-lms/node_modules/@types/react/index"' can only be default-imported using the 'esModuleInterop' flag
node_modules/next/dist/client/components/http-access-fallback/error-boundary.d.ts(11,8): error TS1259: Module '"D:/8-BIT/Webdayhoc/python-lms/node_modules/@types/react/index"' can only be default-imported using the 'esModuleInterop' flag
node_modules/next/dist/client/components/layout-router.d.ts(3,8): error TS1259: Module '"D:/8-BIT/Webdayhoc/python-lms/node_modules/@types/react/index"' can only be default-imported using the 'esModuleInterop' flag
node_modules/next/dist/client/link.d.ts(1,8): error TS1259: Module '"D:/8-BIT/Webdayhoc/python-lms/node_modules/@types/react/index"' can only be default-imported using the 'esModuleInterop' flag
node_modules/next/dist/client/with-router.d.ts(1,8): error TS1259: Module '"D:/8-BIT/Webdayhoc/python-lms/node_modules/@types/react/index"' can only be default-imported using the 'esModuleInterop' flag
node_modules/next/dist/server/app-render/entry-base.d.ts(1,114): error TS2307: Cannot find module 'react-server-dom-webpack/server.edge' or its corresponding type declarations.
node_modules/next/dist/server/app-render/entry-base.d.ts(2,27): error TS2307: Cannot find module 'react-server-dom-webpack/static.edge' or its corresponding type declarations.
node_modules/next/dist/server/render.d.ts(14,8): error TS1259: Module '"D:/8-BIT/Webdayhoc/python-lms/node_modules/@types/react/index"' can only be default-imported using the 'esModuleInterop' flag
node_modules/next/dist/server/web/spec-extension/adapters/headers.d.ts(39,16): error TS2304: Cannot find name 'HeadersIterator'.
node_modules/next/dist/server/web/spec-extension/adapters/headers.d.ts(40,13): error TS2304: Cannot find name 'HeadersIterator'.
node_modules/next/dist/server/web/spec-extension/adapters/headers.d.ts(41,15): error TS2304: Cannot find name 'HeadersIterator'.
node_modules/next/dist/server/web/spec-extension/adapters/headers.d.ts(42,26): error TS2304: Cannot find name 'HeadersIterator'.
node_modules/next/dist/shared/lib/amp-context.shared-runtime.d.ts(1,8): error TS1259: Module '"D:/8-BIT/Webdayhoc/python-lms/node_modules/@types/react/index"' can only be default-imported using the 'esModuleInterop' flag
node_modules/next/dist/shared/lib/app-router-context.shared-runtime.d.ts(4,8): error TS1259: Module '"D:/8-BIT/Webdayhoc/python-lms/node_modules/@types/react/index"' can only be default-imported using the 'esModuleInterop' flag
node_modules/next/dist/shared/lib/head-manager-context.shared-runtime.d.ts(1,8): error TS1259: Module '"D:/8-BIT/Webdayhoc/python-lms/node_modules/@types/react/index"' can only be default-imported using the 'esModuleInterop' flag
node_modules/next/dist/shared/lib/image-config-context.shared-runtime.d.ts(1,8): error TS1259: Module '"D:/8-BIT/Webdayhoc/python-lms/node_modules/@types/react/index"' can only be default-imported using the 'esModuleInterop' flag
node_modules/next/dist/shared/lib/loadable-context.shared-runtime.d.ts(1,8): error TS1259: Module '"D:/8-BIT/Webdayhoc/python-lms/node_modules/@types/react/index"' can only be default-imported using the 'esModuleInterop' flag
node_modules/next/dist/shared/lib/loadable.shared-runtime.d.ts(21,8): error TS1259: Module '"D:/8-BIT/Webdayhoc/python-lms/node_modules/@types/react/index"' can only be default-imported using the 'esModuleInterop' flag
node_modules/next/dist/shared/lib/router-context.shared-runtime.d.ts(1,8): error TS1259: Module '"D:/8-BIT/Webdayhoc/python-lms/node_modules/@types/react/index"' can only be default-imported using the 'esModuleInterop' flag
node_modules/next/dist/shared/lib/server-inserted-html.shared-runtime.d.ts(1,8): error TS1259: Module '"D:/8-BIT/Webdayhoc/python-lms/node_modules/@types/react/index"' can only be default-imported using the 'esModuleInterop' flag
node_modules/next/dist/shared/lib/utils.d.ts(10,13): error TS1192: Module '"fs"' has no default export.
node_modules/next/dist/types.d.ts(8,13): error TS1259: Module '"D:/8-BIT/Webdayhoc/python-lms/node_modules/@types/react/index"' can only be default-imported using the 'esModuleInterop' flag
src/app/admin/lessons/[id]/edit/page.tsx(395,7): error TS17004: Cannot use JSX unless the '--jsx' flag is provided.
src/app/admin/lessons/[id]/edit/page.tsx(396,9): error TS17004: Cannot use JSX unless the '--jsx' flag is provided.
src/app/admin/lessons/[id]/edit/page.tsx(397,11): error TS17004: Cannot use JSX unless the '--jsx' flag is provided.
src/app/admin/lessons/[id]/edit/page.tsx(398,11): error TS17004: Cannot use JSX unless the '--jsx' flag is provided.
src/app/admin/lessons/[id]/edit/page.tsx(408,5): error TS17004: Cannot use JSX unless the '--jsx' flag is provided.
src/app/admin/lessons/[id]/edit/page.tsx(410,7): error TS17004: Cannot use JSX unless the '--jsx' flag is provided.
src/app/admin/lessons/[id]/edit/page.tsx(411,9): error TS17004: Cannot use JSX unless the '--jsx' flag is provided.
src/app/admin/lessons/[id]/edit/page.tsx(412,11): error TS17004: Cannot use JSX unless the '--jsx' flag is provided.
src/app/admin/lessons/[id]/edit/page.tsx(413,13): error TS17004: Cannot use JSX unless the '--jsx' flag is provided.
src/app/admin/lessons/[id]/edit/page.tsx(414,15): error TS17004: Cannot use JSX unless the '--jsx' flag is provided.
src/app/admin/lessons/[id]/edit/page.tsx(415,17): error TS17004: Cannot use JSX unless the '--jsx' flag is provided.
src/app/admin/lessons/[id]/edit/page.tsx(417,15): error TS17004: Cannot use JSX unless the '--jsx' flag is provided.
src/app/admin/lessons/[id]/edit/page.tsx(418,17): error TS17004: Cannot use JSX unless the '--jsx' flag is provided.
src/app/admin/lessons/[id]/edit/page.tsx(419,17): error TS17004: Cannot use JSX unless the '--jsx' flag is provided.
src/app/admin/lessons/[id]/edit/page.tsx(422,13): error TS17004: Cannot use JSX unless the '--jsx' flag is provided.
src/app/admin/lessons/[id]/edit/page.tsx(423,15): error TS17004: Cannot use JSX unless the '--jsx' flag is provided.
src/app/admin/lessons/[id]/edit/page.tsx(424,17): error TS17004: Cannot use JSX unless the '--jsx' flag is provided.
src/app/admin/lessons/[id]/edit/page.tsx(426,15): error TS17004: Cannot use JSX unless the '--jsx' flag is provided.
src/app/admin/lessons/[id]/edit/page.tsx(432,34): error TS17004: Cannot use JSX unless the '--jsx' flag is provided.
src/app/admin/lessons/[id]/edit/page.tsx(432,36): error TS17004: Cannot use JSX unless the '--jsx' flag is provided.
src/app/admin/lessons/[id]/edit/page.tsx(432,103): error TS17004: Cannot use JSX unless the '--jsx' flag is provided.
src/app/admin/lessons/[id]/edit/page.tsx(432,105): error TS17004: Cannot use JSX unless the '--jsx' flag is provided.
src/app/admin/lessons/[id]/edit/page.tsx(434,28): error TS17004: Cannot use JSX unless the '--jsx' flag is provided.
src/app/admin/lessons/[id]/edit/page.tsx(434,30): error TS17004: Cannot use JSX unless the '--jsx' flag is provided.
src/app/admin/lessons/[id]/edit/page.tsx(434,95): error TS17004: Cannot use JSX unless the '--jsx' flag is provided.
src/app/admin/lessons/[id]/edit/page.tsx(434,97): error TS17004: Cannot use JSX unless the '--jsx' flag is provided.
src/app/admin/lessons/[id]/edit/page.tsx(442,7): error TS17004: Cannot use JSX unless the '--jsx' flag is provided.
src/app/admin/lessons/[id]/edit/page.tsx(444,9): error TS17004: Cannot use JSX unless the '--jsx' flag is provided.
src/app/admin/lessons/[id]/edit/page.tsx(445,11): error TS17004: Cannot use JSX unless the '--jsx' flag is provided.
src/app/admin/lessons/[id]/edit/page.tsx(453,13): error TS17004: Cannot use JSX unless the '--jsx' flag is provided.
src/app/admin/lessons/[id]/edit/page.tsx(456,11): error TS17004: Cannot use JSX unless the '--jsx' flag is provided.
src/app/admin/lessons/[id]/edit/page.tsx(464,13): error TS17004: Cannot use JSX unless the '--jsx' flag is provided.
src/app/admin/lessons/[id]/edit/page.tsx(470,11): error TS17004: Cannot use JSX unless the '--jsx' flag is provided.
src/app/admin/lessons/[id]/edit/page.tsx(471,13): error TS17004: Cannot use JSX unless the '--jsx' flag is provided.
src/app/admin/lessons/[id]/edit/page.tsx(472,15): error TS17004: Cannot use JSX unless the '--jsx' flag is provided.
src/app/admin/lessons/[id]/edit/page.tsx(473,17): error TS17004: Cannot use JSX unless the '--jsx' flag is provided.
src/app/admin/lessons/[id]/edit/page.tsx(477,13): error TS17004: Cannot use JSX unless the '--jsx' flag is provided.
src/app/admin/lessons/[id]/edit/page.tsx(481,13): error TS17004: Cannot use JSX unless the '--jsx' flag is provided.
src/app/admin/lessons/[id]/edit/page.tsx(482,15): error TS17004: Cannot use JSX unless the '--jsx' flag is provided.
src/app/admin/lessons/[id]/edit/page.tsx(504,13): error TS17004: Cannot use JSX unless the '--jsx' flag is provided.
src/app/admin/lessons/[id]/edit/page.tsx(505,15): error TS17004: Cannot use JSX unless the '--jsx' flag is provided.
src/app/admin/lessons/[id]/edit/page.tsx(511,19): error TS17004: Cannot use JSX unless the '--jsx' flag is provided.
src/app/admin/lessons/[id]/edit/page.tsx(511,21): error TS17004: Cannot use JSX unless the '--jsx' flag is provided.
src/app/admin/lessons/[id]/edit/page.tsx(513,19): error TS17004: Cannot use JSX unless the '--jsx' flag is provided.
src/app/admin/lessons/[id]/edit/page.tsx(513,21): error TS17004: Cannot use JSX unless the '--jsx' flag is provided.
src/app/admin/lessons/[id]/edit/page.tsx(519,11): error TS17004: Cannot use JSX unless the '--jsx' flag is provided.
src/app/admin/lessons/[id]/edit/page.tsx(521,9): error TS17004: Cannot use JSX unless the '--jsx' flag is provided.
src/app/admin/lessons/[id]/edit/page.tsx(522,11): error TS17004: Cannot use JSX unless the '--jsx' flag is provided.
src/app/admin/lessons/[id]/edit/page.tsx(523,13): error TS17004: Cannot use JSX unless the '--jsx' flag is provided.
src/app/admin/lessons/[id]/edit/page.tsx(524,15): error TS17004: Cannot use JSX unless the '--jsx' flag is provided.
src/app/admin/lessons/[id]/edit/page.tsx(529,11): error TS17004: Cannot use JSX unless the '--jsx' flag is provided.
src/app/admin/lessons/[id]/edit/page.tsx(530,13): error TS17004: Cannot use JSX unless the '--jsx' flag is provided.
src/app/admin/lessons/[id]/edit/page.tsx(531,15): error TS17004: Cannot use JSX unless the '--jsx' flag is provided.
src/app/admin/lessons/[id]/edit/page.tsx(532,28): error TS17004: Cannot use JSX unless the '--jsx' flag is provided.
src/app/admin/lessons/[id]/edit/page.tsx(534,15): error TS17004: Cannot use JSX unless the '--jsx' flag is provided.
src/app/admin/lessons/[id]/edit/page.tsx(539,17): error TS17004: Cannot use JSX unless the '--jsx' flag is provided.
src/app/admin/lessons/[id]/edit/page.tsx(541,19): error TS17004: Cannot use JSX unless the '--jsx' flag is provided.
src/app/admin/lessons/[id]/edit/page.tsx(547,13): error TS17004: Cannot use JSX unless the '--jsx' flag is provided.
src/app/admin/lessons/[id]/edit/page.tsx(548,15): error TS17004: Cannot use JSX unless the '--jsx' flag is provided.
src/app/admin/lessons/[id]/edit/page.tsx(549,15): error TS17004: Cannot use JSX unless the '--jsx' flag is provided.
src/app/admin/lessons/[id]/edit/page.tsx(554,17): error TS17004: Cannot use JSX unless the '--jsx' flag is provided.
src/app/admin/lessons/[id]/edit/page.tsx(555,17): error TS17004: Cannot use JSX unless the '--jsx' flag is provided.
src/app/admin/lessons/[id]/edit/page.tsx(556,17): error TS17004: Cannot use JSX unless the '--jsx' flag is provided.
src/app/admin/lessons/[id]/edit/page.tsx(561,11): error TS17004: Cannot use JSX unless the '--jsx' flag is provided.
src/app/admin/lessons/[id]/edit/page.tsx(562,13): error TS17004: Cannot use JSX unless the '--jsx' flag is provided.
src/app/admin/lessons/[id]/edit/page.tsx(563,29): error TS17004: Cannot use JSX unless the '--jsx' flag is provided.
src/app/admin/lessons/[id]/edit/page.tsx(565,13): error TS17004: Cannot use JSX unless the '--jsx' flag is provided.
src/app/admin/lessons/[id]/edit/page.tsx(573,11): error TS17004: Cannot use JSX unless the '--jsx' flag is provided.
src/app/admin/lessons/[id]/edit/page.tsx(574,13): error TS17004: Cannot use JSX unless the '--jsx' flag is provided.
src/app/admin/lessons/[id]/edit/page.tsx(575,13): error TS17004: Cannot use JSX unless the '--jsx' flag is provided.
src/app/admin/lessons/[id]/edit/page.tsx(586,9): error TS17004: Cannot use JSX unless the '--jsx' flag is provided.
src/app/admin/lessons/[id]/edit/page.tsx(587,11): error TS17004: Cannot use JSX unless the '--jsx' flag is provided.
src/app/admin/lessons/[id]/edit/page.tsx(588,13): error TS17004: Cannot use JSX unless the '--jsx' flag is provided.
src/app/admin/lessons/[id]/edit/page.tsx(589,15): error TS17004: Cannot use JSX unless the '--jsx' flag is provided.
src/app/admin/lessons/[id]/edit/page.tsx(594,11): error TS17004: Cannot use JSX unless the '--jsx' flag is provided.
src/app/admin/lessons/[id]/edit/page.tsx(595,13): error TS17004: Cannot use JSX unless the '--jsx' flag is provided.
src/app/admin/lessons/[id]/edit/page.tsx(596,15): error TS17004: Cannot use JSX unless the '--jsx' flag is provided.
src/app/admin/lessons/[id]/edit/page.tsx(597,17): error TS17004: Cannot use JSX unless the '--jsx' flag is provided.
src/app/admin/lessons/[id]/edit/page.tsx(600,15): error TS17004: Cannot use JSX unless the '--jsx' flag is provided.
src/app/admin/lessons/[id]/edit/page.tsx(611,13): error TS17004: Cannot use JSX unless the '--jsx' flag is provided.
src/app/admin/lessons/[id]/edit/page.tsx(612,15): error TS17004: Cannot use JSX unless the '--jsx' flag is provided.
src/app/admin/lessons/[id]/edit/page.tsx(613,17): error TS17004: Cannot use JSX unless the '--jsx' flag is provided.
src/app/admin/lessons/[id]/edit/page.tsx(616,15): error TS17004: Cannot use JSX unless the '--jsx' flag is provided.
src/app/admin/lessons/[id]/edit/page.tsx(627,13): error TS17004: Cannot use JSX unless the '--jsx' flag is provided.
src/app/admin/lessons/[id]/edit/page.tsx(628,15): error TS17004: Cannot use JSX unless the '--jsx' flag is provided.
src/app/admin/lessons/[id]/edit/page.tsx(629,17): error TS17004: Cannot use JSX unless the '--jsx' flag is provided.
src/app/admin/lessons/[id]/edit/page.tsx(632,15): error TS17004: Cannot use JSX unless the '--jsx' flag is provided.
src/app/admin/lessons/[id]/edit/page.tsx(646,9): error TS17004: Cannot use JSX unless the '--jsx' flag is provided.
src/app/admin/lessons/[id]/edit/page.tsx(647,11): error TS17004: Cannot use JSX unless the '--jsx' flag is provided.
src/app/admin/lessons/[id]/edit/page.tsx(648,13): error TS17004: Cannot use JSX unless the '--jsx' flag is provided.
src/app/admin/lessons/[id]/edit/page.tsx(649,15): error TS17004: Cannot use JSX unless the '--jsx' flag is provided.
src/app/admin/lessons/[id]/edit/page.tsx(650,17): error TS17004: Cannot use JSX unless the '--jsx' flag is provided.
src/app/admin/lessons/[id]/edit/page.tsx(654,13): error TS17004: Cannot use JSX unless the '--jsx' flag is provided.
src/app/admin/lessons/[id]/edit/page.tsx(655,15): error TS17004: Cannot use JSX unless the '--jsx' flag is provided.
src/app/admin/lessons/[id]/edit/page.tsx(659,11): error TS17004: Cannot use JSX unless the '--jsx' flag is provided.
src/app/admin/lessons/[id]/edit/page.tsx(661,15): error TS17004: Cannot use JSX unless the '--jsx' flag is provided.
src/app/admin/lessons/[id]/edit/page.tsx(668,17): error TS17004: Cannot use JSX unless the '--jsx' flag is provided.
src/app/admin/lessons/[id]/edit/page.tsx(672,19): error TS17004: Cannot use JSX unless the '--jsx' flag is provided.
src/app/admin/lessons/[id]/edit/page.tsx(673,21): error TS17004: Cannot use JSX unless the '--jsx' flag is provided.
src/app/admin/lessons/[id]/edit/page.tsx(676,21): error TS17004: Cannot use JSX unless the '--jsx' flag is provided.
src/app/admin/lessons/[id]/edit/page.tsx(685,19): error TS17004: Cannot use JSX unless the '--jsx' flag is provided.
src/app/admin/lessons/[id]/edit/page.tsx(686,21): error TS17004: Cannot use JSX unless the '--jsx' flag is provided.
src/app/admin/lessons/[id]/edit/page.tsx(691,23): error TS17004: Cannot use JSX unless the '--jsx' flag is provided.
src/app/admin/lessons/[id]/edit/page.tsx(693,21): error TS17004: Cannot use JSX unless the '--jsx' flag is provided.
src/app/admin/lessons/[id]/edit/page.tsx(698,23): error TS17004: Cannot use JSX unless the '--jsx' flag is provided.
src/app/admin/lessons/[id]/edit/page.tsx(701,23): error TS17004: Cannot use JSX unless the '--jsx' flag is provided.
src/app/admin/lessons/[id]/edit/page.tsx(705,25): error TS17004: Cannot use JSX unless the '--jsx' flag is provided.
src/app/admin/lessons/[id]/edit/page.tsx(708,21): error TS17004: Cannot use JSX unless the '--jsx' flag is provided.
src/app/admin/lessons/[id]/edit/page.tsx(714,19): error TS17004: Cannot use JSX unless the '--jsx' flag is provided.
src/app/admin/lessons/[id]/edit/page.tsx(716,21): error TS17004: Cannot use JSX unless the '--jsx' flag is provided.
src/app/admin/lessons/[id]/edit/page.tsx(717,23): error TS17004: Cannot use JSX unless the '--jsx' flag is provided.
src/app/admin/lessons/[id]/edit/page.tsx(720,23): error TS17004: Cannot use JSX unless the '--jsx' flag is provided.
src/app/admin/lessons/[id]/edit/page.tsx(725,25): error TS17004: Cannot use JSX unless the '--jsx' flag is provided.
src/app/admin/lessons/[id]/edit/page.tsx(728,23): error TS17004: Cannot use JSX unless the '--jsx' flag is provided.
src/app/admin/lessons/[id]/edit/page.tsx(730,23): error TS17004: Cannot use JSX unless the '--jsx' flag is provided.
src/app/admin/lessons/[id]/edit/page.tsx(735,25): error TS17004: Cannot use JSX unless the '--jsx' flag is provided.
src/app/admin/lessons/[id]/edit/page.tsx(737,23): error TS17004: Cannot use JSX unless the '--jsx' flag is provided.
src/app/admin/lessons/[id]/edit/page.tsx(742,25): error TS17004: Cannot use JSX unless the '--jsx' flag is provided.
src/app/admin/lessons/[id]/edit/page.tsx(744,23): error TS17004: Cannot use JSX unless the '--jsx' flag is provided.
src/app/admin/lessons/[id]/edit/page.tsx(749,25): error TS17004: Cannot use JSX unless the '--jsx' flag is provided.
src/app/admin/lessons/[id]/edit/page.tsx(753,21): error TS17004: Cannot use JSX unless the '--jsx' flag is provided.
src/app/admin/lessons/[id]/edit/page.tsx(767,9): error TS17004: Cannot use JSX unless the '--jsx' flag is provided.
src/app/admin/lessons/[id]/edit/page.tsx(768,11): error TS17004: Cannot use JSX unless the '--jsx' flag is provided.
src/app/admin/lessons/[id]/edit/page.tsx(769,13): error TS17004: Cannot use JSX unless the '--jsx' flag is provided.
src/app/admin/lessons/[id]/edit/page.tsx(770,15): error TS17004: Cannot use JSX unless the '--jsx' flag is provided.
src/app/admin/lessons/[id]/edit/page.tsx(771,17): error TS17004: Cannot use JSX unless the '--jsx' flag is provided.
src/app/admin/lessons/[id]/edit/page.tsx(775,13): error TS17004: Cannot use JSX unless the '--jsx' flag is provided.
src/app/admin/lessons/[id]/edit/page.tsx(776,15): error TS17004: Cannot use JSX unless the '--jsx' flag is provided.
src/app/admin/lessons/[id]/edit/page.tsx(780,11): error TS17004: Cannot use JSX unless the '--jsx' flag is provided.
src/app/admin/lessons/[id]/edit/page.tsx(782,15): error TS17004: Cannot use JSX unless the '--jsx' flag is provided.
src/app/admin/lessons/[id]/edit/page.tsx(789,17): error TS17004: Cannot use JSX unless the '--jsx' flag is provided.
src/app/admin/lessons/[id]/edit/page.tsx(793,19): error TS17004: Cannot use JSX unless the '--jsx' flag is provided.
src/app/admin/lessons/[id]/edit/page.tsx(794,21): error TS17004: Cannot use JSX unless the '--jsx' flag is provided.
src/app/admin/lessons/[id]/edit/page.tsx(797,21): error TS17004: Cannot use JSX unless the '--jsx' flag is provided.
src/app/admin/lessons/[id]/edit/page.tsx(806,19): error TS17004: Cannot use JSX unless the '--jsx' flag is provided.
src/app/admin/lessons/[id]/edit/page.tsx(807,21): error TS17004: Cannot use JSX unless the '--jsx' flag is provided.
src/app/admin/lessons/[id]/edit/page.tsx(812,23): error TS17004: Cannot use JSX unless the '--jsx' flag is provided.
src/app/admin/lessons/[id]/edit/page.tsx(814,21): error TS17004: Cannot use JSX unless the '--jsx' flag is provided.
src/app/admin/lessons/[id]/edit/page.tsx(819,23): error TS17004: Cannot use JSX unless the '--jsx' flag is provided.
src/app/admin/lessons/[id]/edit/page.tsx(822,23): error TS17004: Cannot use JSX unless the '--jsx' flag is provided.
src/app/admin/lessons/[id]/edit/page.tsx(826,25): error TS17004: Cannot use JSX unless the '--jsx' flag is provided.
src/app/admin/lessons/[id]/edit/page.tsx(829,21): error TS17004: Cannot use JSX unless the '--jsx' flag is provided.
src/app/admin/lessons/[id]/edit/page.tsx(835,19): error TS17004: Cannot use JSX unless the '--jsx' flag is provided.
src/app/admin/lessons/[id]/edit/page.tsx(837,21): error TS17004: Cannot use JSX unless the '--jsx' flag is provided.
src/app/admin/lessons/[id]/edit/page.tsx(838,23): error TS17004: Cannot use JSX unless the '--jsx' flag is provided.
src/app/admin/lessons/[id]/edit/page.tsx(840,23): error TS17004: Cannot use JSX unless the '--jsx' flag is provided.
src/app/admin/lessons/[id]/edit/page.tsx(845,25): error TS17004: Cannot use JSX unless the '--jsx' flag is provided.
src/app/admin/lessons/[id]/edit/page.tsx(848,23): error TS17004: Cannot use JSX unless the '--jsx' flag is provided.
src/app/admin/lessons/[id]/edit/page.tsx(850,23): error TS17004: Cannot use JSX unless the '--jsx' flag is provided.
src/app/admin/lessons/[id]/edit/page.tsx(855,25): error TS17004: Cannot use JSX unless the '--jsx' flag is provided.
src/app/admin/lessons/[id]/edit/page.tsx(857,23): error TS17004: Cannot use JSX unless the '--jsx' flag is provided.
src/app/admin/lessons/[id]/edit/page.tsx(862,25): error TS17004: Cannot use JSX unless the '--jsx' flag is provided.
src/app/admin/lessons/[id]/edit/page.tsx(864,23): error TS17004: Cannot use JSX unless the '--jsx' flag is provided.
src/app/admin/lessons/[id]/edit/page.tsx(869,25): error TS17004: Cannot use JSX unless the '--jsx' flag is provided.
src/app/admin/lessons/[id]/edit/page.tsx(873,21): error TS17004: Cannot use JSX unless the '--jsx' flag is provided.
src/app/admin/lessons/[id]/edit/page.tsx(888,9): error TS17004: Cannot use JSX unless the '--jsx' flag is provided.
src/app/admin/lessons/[id]/edit/page.tsx(889,11): error TS17004: Cannot use JSX unless the '--jsx' flag is provided.
src/app/admin/lessons/[id]/edit/page.tsx(890,13): error TS17004: Cannot use JSX unless the '--jsx' flag is provided.
src/app/admin/lessons/[id]/edit/page.tsx(891,15): error TS17004: Cannot use JSX unless the '--jsx' flag is provided.
src/app/admin/lessons/[id]/edit/page.tsx(892,17): error TS17004: Cannot use JSX unless the '--jsx' flag is provided.
src/app/admin/lessons/[id]/edit/page.tsx(896,13): error TS17004: Cannot use JSX unless the '--jsx' flag is provided.
src/app/admin/lessons/[id]/edit/page.tsx(897,15): error TS17004: Cannot use JSX unless the '--jsx' flag is provided.
src/app/admin/lessons/[id]/edit/page.tsx(898,17): error TS17004: Cannot use JSX unless the '--jsx' flag is provided.
src/app/admin/lessons/[id]/edit/page.tsx(900,15): error TS17004: Cannot use JSX unless the '--jsx' flag is provided.
src/app/admin/lessons/[id]/edit/page.tsx(901,17): error TS17004: Cannot use JSX unless the '--jsx' flag is provided.
src/app/admin/lessons/[id]/edit/page.tsx(907,13): error TS17004: Cannot use JSX unless the '--jsx' flag is provided.
src/app/admin/lessons/[id]/edit/page.tsx(908,15): error TS17004: Cannot use JSX unless the '--jsx' flag is provided.
src/app/admin/lessons/[id]/edit/page.tsx(909,15): error TS17004: Cannot use JSX unless the '--jsx' flag is provided.
src/app/admin/lessons/[id]/edit/page.tsx(912,13): error TS17004: Cannot use JSX unless the '--jsx' flag is provided.
src/app/admin/lessons/[id]/edit/page.tsx(914,17): error TS17004: Cannot use JSX unless the '--jsx' flag is provided.
src/app/admin/lessons/[id]/edit/page.tsx(915,19): error TS17004: Cannot use JSX unless the '--jsx' flag is provided.
src/app/admin/lessons/[id]/edit/page.tsx(918,19): error TS17004: Cannot use JSX unless the '--jsx' flag is provided.
src/app/admin/lessons/[id]/edit/page.tsx(920,23): error TS17004: Cannot use JSX unless the '--jsx' flag is provided.
src/app/admin/lessons/[id]/edit/page.tsx(927,17): error TS17004: Cannot use JSX unless the '--jsx' flag is provided.
src/app/admin/lessons/[id]/edit/page.tsx(928,19): error TS17004: Cannot use JSX unless the '--jsx' flag is provided.
src/app/admin/lessons/[id]/edit/page.tsx(931,19): error TS17004: Cannot use JSX unless the '--jsx' flag is provided.
src/app/admin/lessons/[id]/edit/page.tsx(933,23): error TS17004: Cannot use JSX unless the '--jsx' flag is provided.
src/app/admin/lessons/[id]/edit/page.tsx(943,9): error TS17004: Cannot use JSX unless the '--jsx' flag is provided.
src/app/admin/lessons/[id]/edit/page.tsx(944,11): error TS17004: Cannot use JSX unless the '--jsx' flag is provided.
src/app/admin/lessons/[id]/edit/page.tsx(945,13): error TS17004: Cannot use JSX unless the '--jsx' flag is provided.
src/app/admin/lessons/[id]/edit/page.tsx(947,11): error TS17004: Cannot use JSX unless the '--jsx' flag is provided.
src/app/admin/lessons/[id]/edit/page.tsx(949,15): error TS17004: Cannot use JSX unless the '--jsx' flag is provided.
src/app/admin/lessons/[id]/edit/page.tsx(949,17): error TS17004: Cannot use JSX unless the '--jsx' flag is provided.
src/app/admin/lessons/[id]/edit/page.tsx(951,15): error TS17004: Cannot use JSX unless the '--jsx' flag is provided.
src/app/admin/lessons/[id]/edit/page.tsx(951,17): error TS17004: Cannot use JSX unless the '--jsx' flag is provided.
src/app/admin/lessons/[id]/edit/page.tsx(961,9): error TS17004: Cannot use JSX unless the '--jsx' flag is provided.
src/app/admin/lessons/[id]/edit/page.tsx(962,11): error TS17004: Cannot use JSX unless the '--jsx' flag is provided.
src/app/admin/lessons/[id]/edit/page.tsx(963,13): error TS17004: Cannot use JSX unless the '--jsx' flag is provided.
src/app/admin/lessons/[id]/edit/page.tsx(964,15): error TS17004: Cannot use JSX unless the '--jsx' flag is provided.
src/app/admin/lessons/[id]/edit/page.tsx(965,17): error TS17004: Cannot use JSX unless the '--jsx' flag is provided.
src/app/admin/lessons/[id]/edit/page.tsx(968,15): error TS17004: Cannot use JSX unless the '--jsx' flag is provided.
src/app/admin/lessons/[id]/edit/page.tsx(969,17): error TS17004: Cannot use JSX unless the '--jsx' flag is provided.
src/app/admin/lessons/[id]/edit/page.tsx(973,13): error TS17004: Cannot use JSX unless the '--jsx' flag is provided.
src/app/admin/lessons/[id]/edit/page.tsx(974,15): error TS17004: Cannot use JSX unless the '--jsx' flag is provided.
src/app/admin/lessons/[id]/edit/page.tsx(976,19): error TS17004: Cannot use JSX unless the '--jsx' flag is provided.
src/app/admin/lessons/[id]/edit/page.tsx(981,21): error TS17004: Cannot use JSX unless the '--jsx' flag is provided.
src/app/admin/lessons/[id]/edit/page.tsx(982,23): error TS17004: Cannot use JSX unless the '--jsx' flag is provided.
src/app/admin/lessons/[id]/edit/page.tsx(983,25): error TS17004: Cannot use JSX unless the '--jsx' flag is provided.
src/app/admin/lessons/[id]/edit/page.tsx(985,23): error TS17004: Cannot use JSX unless the '--jsx' flag is provided.
src/app/admin/lessons/[id]/edit/page.tsx(986,25): error TS17004: Cannot use JSX unless the '--jsx' flag is provided.
src/app/admin/lessons/[id]/edit/page.tsx(987,25): error TS17004: Cannot use JSX unless the '--jsx' flag is provided.
src/app/admin/lessons/[id]/edit/page.tsx(1017,5): error TS17004: Cannot use JSX unless the '--jsx' flag is provided.
src/app/admin/lessons/[id]/edit/page.tsx(1018,7): error TS17004: Cannot use JSX unless the '--jsx' flag is provided.
src/app/admin/lessons/[id]/edit/page.tsx(1019,9): error TS17004: Cannot use JSX unless the '--jsx' flag is provided.
src/app/admin/lessons/[id]/edit/page.tsx(1020,11): error TS17004: Cannot use JSX unless the '--jsx' flag is provided.
src/app/admin/lessons/[id]/edit/page.tsx(1023,11): error TS17004: Cannot use JSX unless the '--jsx' flag is provided.
src/app/admin/lessons/[id]/edit/page.tsx(1031,9): error TS17004: Cannot use JSX unless the '--jsx' flag is provided.
src/app/admin/lessons/[id]/edit/page.tsx(1032,11): error TS17004: Cannot use JSX unless the '--jsx' flag is provided.
src/app/admin/lessons/[id]/edit/page.tsx(1033,13): error TS17004: Cannot use JSX unless the '--jsx' flag is provided.
src/app/admin/lessons/[id]/edit/page.tsx(1041,11): error TS17004: Cannot use JSX unless the '--jsx' flag is provided.
src/app/admin/lessons/[id]/edit/page.tsx(1047,13): error TS17004: Cannot use JSX unless the '--jsx' flag is provided.
src/app/admin/lessons/[id]/edit/page.tsx(1048,13): error TS17004: Cannot use JSX unless the '--jsx' flag is provided.
src/app/admin/lessons/[id]/edit/page.tsx(1049,13): error TS17004: Cannot use JSX unless the '--jsx' flag is provided.
src/app/admin/lessons/[id]/edit/page.tsx(1051,11): error TS17004: Cannot use JSX unless the '--jsx' flag is provided.
src/app/admin/lessons/[id]/edit/page.tsx(1059,11): error TS17004: Cannot use JSX unless the '--jsx' flag is provided.
src/app/admin/lessons/[id]/edit/page.tsx(1060,13): error TS17004: Cannot use JSX unless the '--jsx' flag is provided.
src/app/admin/lessons/[id]/edit/page.tsx(1062,11): error TS17004: Cannot use JSX unless the '--jsx' flag is provided.
src/app/admin/lessons/[id]/edit/page.tsx(1067,9): error TS17004: Cannot use JSX unless the '--jsx' flag is provided.
src/app/admin/lessons/[id]/edit/page.tsx(1068,11): error TS17004: Cannot use JSX unless the '--jsx' flag is provided.
src/app/admin/lessons/[id]/edit/page.tsx(1069,13): error TS17004: Cannot use JSX unless the '--jsx' flag is provided.
src/app/admin/lessons/[id]/edit/page.tsx(1070,13): error TS17004: Cannot use JSX unless the '--jsx' flag is provided.
src/app/admin/lessons/[id]/edit/page.tsx(1076,11): error TS17004: Cannot use JSX unless the '--jsx' flag is provided.
src/app/admin/lessons/[id]/edit/page.tsx(1077,13): error TS17004: Cannot use JSX unless the '--jsx' flag is provided.
src/app/admin/lessons/[id]/edit/page.tsx(1078,13): error TS17004: Cannot use JSX unless the '--jsx' flag is provided.
src/app/admin/lessons/new/page.tsx(465,5): error TS17004: Cannot use JSX unless the '--jsx' flag is provided.
src/app/admin/lessons/new/page.tsx(467,7): error TS17004: Cannot use JSX unless the '--jsx' flag is provided.
src/app/admin/lessons/new/page.tsx(468,9): error TS17004: Cannot use JSX unless the '--jsx' flag is provided.
src/app/admin/lessons/new/page.tsx(469,11): error TS17004: Cannot use JSX unless the '--jsx' flag is provided.
src/app/admin/lessons/new/page.tsx(470,13): error TS17004: Cannot use JSX unless the '--jsx' flag is provided.
src/app/admin/lessons/new/page.tsx(471,15): error TS17004: Cannot use JSX unless the '--jsx' flag is provided.
src/app/admin/lessons/new/page.tsx(472,17): error TS17004: Cannot use JSX unless the '--jsx' flag is provided.
src/app/admin/lessons/new/page.tsx(474,15): error TS17004: Cannot use JSX unless the '--jsx' flag is provided.
src/app/admin/lessons/new/page.tsx(475,17): error TS17004: Cannot use JSX unless the '--jsx' flag is provided.
src/app/admin/lessons/new/page.tsx(476,17): error TS17004: Cannot use JSX unless the '--jsx' flag is provided.
src/app/admin/lessons/new/page.tsx(479,13): error TS17004: Cannot use JSX unless the '--jsx' flag is provided.
src/app/admin/lessons/new/page.tsx(481,17): error TS17004: Cannot use JSX unless the '--jsx' flag is provided.
src/app/admin/lessons/new/page.tsx(481,19): error TS17004: Cannot use JSX unless the '--jsx' flag is provided.
src/app/admin/lessons/new/page.tsx(483,17): error TS17004: Cannot use JSX unless the '--jsx' flag is provided.
src/app/admin/lessons/new/page.tsx(483,19): error TS17004: Cannot use JSX unless the '--jsx' flag is provided.
src/app/admin/lessons/new/page.tsx(490,7): error TS17004: Cannot use JSX unless the '--jsx' flag is provided.
src/app/admin/lessons/new/page.tsx(493,9): error TS17004: Cannot use JSX unless the '--jsx' flag is provided.
src/app/admin/lessons/new/page.tsx(494,11): error TS17004: Cannot use JSX unless the '--jsx' flag is provided.
src/app/admin/lessons/new/page.tsx(502,13): error TS17004: Cannot use JSX unless the '--jsx' flag is provided.
src/app/admin/lessons/new/page.tsx(505,11): error TS17004: Cannot use JSX unless the '--jsx' flag is provided.
src/app/admin/lessons/new/page.tsx(513,13): error TS17004: Cannot use JSX unless the '--jsx' flag is provided.
src/app/admin/lessons/new/page.tsx(515,13): error TS17004: Cannot use JSX unless the '--jsx' flag is provided.
src/app/admin/lessons/new/page.tsx(520,11): error TS17004: Cannot use JSX unless the '--jsx' flag is provided.
src/app/admin/lessons/new/page.tsx(521,13): error TS17004: Cannot use JSX unless the '--jsx' flag is provided.
src/app/admin/lessons/new/page.tsx(522,15): error TS17004: Cannot use JSX unless the '--jsx' flag is provided.
src/app/admin/lessons/new/page.tsx(523,17): error TS17004: Cannot use JSX unless the '--jsx' flag is provided.
src/app/admin/lessons/new/page.tsx(527,13): error TS17004: Cannot use JSX unless the '--jsx' flag is provided.
src/app/admin/lessons/new/page.tsx(531,13): error TS17004: Cannot use JSX unless the '--jsx' flag is provided.
src/app/admin/lessons/new/page.tsx(532,15): error TS17004: Cannot use JSX unless the '--jsx' flag is provided.
src/app/admin/lessons/new/page.tsx(554,13): error TS17004: Cannot use JSX unless the '--jsx' flag is provided.
src/app/admin/lessons/new/page.tsx(555,15): error TS17004: Cannot use JSX unless the '--jsx' flag is provided.
src/app/admin/lessons/new/page.tsx(556,17): error TS17004: Cannot use JSX unless the '--jsx' flag is provided.
src/app/admin/lessons/new/page.tsx(557,73): error TS17004: Cannot use JSX unless the '--jsx' flag is provided.
src/app/admin/lessons/new/page.tsx(557,185): error TS17004: Cannot use JSX unless the '--jsx' flag is provided.
src/app/admin/lessons/new/page.tsx(559,15): error TS17004: Cannot use JSX unless the '--jsx' flag is provided.
src/app/admin/lessons/new/page.tsx(565,19): error TS17004: Cannot use JSX unless the '--jsx' flag is provided.
src/app/admin/lessons/new/page.tsx(565,21): error TS17004: Cannot use JSX unless the '--jsx' flag is provided.
src/app/admin/lessons/new/page.tsx(567,19): error TS17004: Cannot use JSX unless the '--jsx' flag is provided.
src/app/admin/lessons/new/page.tsx(567,21): error TS17004: Cannot use JSX unless the '--jsx' flag is provided.
src/app/admin/lessons/new/page.tsx(575,9): error TS17004: Cannot use JSX unless the '--jsx' flag is provided.
src/app/admin/lessons/new/page.tsx(578,9): error TS17004: Cannot use JSX unless the '--jsx' flag is provided.
src/app/admin/lessons/new/page.tsx(579,11): error TS17004: Cannot use JSX unless the '--jsx' flag is provided.
src/app/admin/lessons/new/page.tsx(580,13): error TS17004: Cannot use JSX unless the '--jsx' flag is provided.
src/app/admin/lessons/new/page.tsx(581,15): error TS17004: Cannot use JSX unless the '--jsx' flag is provided.
src/app/admin/lessons/new/page.tsx(586,11): error TS17004: Cannot use JSX unless the '--jsx' flag is provided.
src/app/admin/lessons/new/page.tsx(587,13): error TS17004: Cannot use JSX unless the '--jsx' flag is provided.
src/app/admin/lessons/new/page.tsx(588,15): error TS17004: Cannot use JSX unless the '--jsx' flag is provided.
src/app/admin/lessons/new/page.tsx(589,28): error TS17004: Cannot use JSX unless the '--jsx' flag is provided.
src/app/admin/lessons/new/page.tsx(591,15): error TS17004: Cannot use JSX unless the '--jsx' flag is provided.
src/app/admin/lessons/new/page.tsx(596,17): error TS17004: Cannot use JSX unless the '--jsx' flag is provided.
src/app/admin/lessons/new/page.tsx(598,19): error TS17004: Cannot use JSX unless the '--jsx' flag is provided.
src/app/admin/lessons/new/page.tsx(604,13): error TS17004: Cannot use JSX unless the '--jsx' flag is provided.
src/app/admin/lessons/new/page.tsx(605,15): error TS17004: Cannot use JSX unless the '--jsx' flag is provided.
src/app/admin/lessons/new/page.tsx(606,15): error TS17004: Cannot use JSX unless the '--jsx' flag is provided.
src/app/admin/lessons/new/page.tsx(611,17): error TS17004: Cannot use JSX unless the '--jsx' flag is provided.
src/app/admin/lessons/new/page.tsx(612,17): error TS17004: Cannot use JSX unless the '--jsx' flag is provided.
src/app/admin/lessons/new/page.tsx(613,17): error TS17004: Cannot use JSX unless the '--jsx' flag is provided.
src/app/admin/lessons/new/page.tsx(618,11): error TS17004: Cannot use JSX unless the '--jsx' flag is provided.
src/app/admin/lessons/new/page.tsx(619,13): error TS17004: Cannot use JSX unless the '--jsx' flag is provided.
src/app/admin/lessons/new/page.tsx(620,29): error TS17004: Cannot use JSX unless the '--jsx' flag is provided.
src/app/admin/lessons/new/page.tsx(622,13): error TS17004: Cannot use JSX unless the '--jsx' flag is provided.
src/app/admin/lessons/new/page.tsx(631,11): error TS17004: Cannot use JSX unless the '--jsx' flag is provided.
src/app/admin/lessons/new/page.tsx(632,13): error TS17004: Cannot use JSX unless the '--jsx' flag is provided.
src/app/admin/lessons/new/page.tsx(633,13): error TS17004: Cannot use JSX unless the '--jsx' flag is provided.
src/app/admin/lessons/new/page.tsx(644,9): error TS17004: Cannot use JSX unless the '--jsx' flag is provided.
src/app/admin/lessons/new/page.tsx(645,11): error TS17004: Cannot use JSX unless the '--jsx' flag is provided.
src/app/admin/lessons/new/page.tsx(646,13): error TS17004: Cannot use JSX unless the '--jsx' flag is provided.
src/app/admin/lessons/new/page.tsx(647,15): error TS17004: Cannot use JSX unless the '--jsx' flag is provided.
src/app/admin/lessons/new/page.tsx(652,11): error TS17004: Cannot use JSX unless the '--jsx' flag is provided.
src/app/admin/lessons/new/page.tsx(656,11): error TS17004: Cannot use JSX unless the '--jsx' flag is provided.
src/app/admin/lessons/new/page.tsx(657,13): error TS17004: Cannot use JSX unless the '--jsx' flag is provided.
src/app/admin/lessons/new/page.tsx(658,15): error TS17004: Cannot use JSX unless the '--jsx' flag is provided.
src/app/admin/lessons/new/page.tsx(659,17): error TS17004: Cannot use JSX unless the '--jsx' flag is provided.
src/app/admin/lessons/new/page.tsx(662,15): error TS17004: Cannot use JSX unless the '--jsx' flag is provided.
src/app/admin/lessons/new/page.tsx(673,13): error TS17004: Cannot use JSX unless the '--jsx' flag is provided.
src/app/admin/lessons/new/page.tsx(674,15): error TS17004: Cannot use JSX unless the '--jsx' flag is provided.
src/app/admin/lessons/new/page.tsx(675,17): error TS17004: Cannot use JSX unless the '--jsx' flag is provided.
src/app/admin/lessons/new/page.tsx(678,15): error TS17004: Cannot use JSX unless the '--jsx' flag is provided.
src/app/admin/lessons/new/page.tsx(689,13): error TS17004: Cannot use JSX unless the '--jsx' flag is provided.
src/app/admin/lessons/new/page.tsx(690,15): error TS17004: Cannot use JSX unless the '--jsx' flag is provided.
src/app/admin/lessons/new/page.tsx(691,17): error TS17004: Cannot use JSX unless the '--jsx' flag is provided.
src/app/admin/lessons/new/page.tsx(694,15): error TS17004: Cannot use JSX unless the '--jsx' flag is provided.
src/app/admin/lessons/new/page.tsx(708,9): error TS17004: Cannot use JSX unless the '--jsx' flag is provided.
src/app/admin/lessons/new/page.tsx(709,11): error TS17004: Cannot use JSX unless the '--jsx' flag is provided.
src/app/admin/lessons/new/page.tsx(710,13): error TS17004: Cannot use JSX unless the '--jsx' flag is provided.
src/app/admin/lessons/new/page.tsx(711,15): error TS17004: Cannot use JSX unless the '--jsx' flag is provided.
src/app/admin/lessons/new/page.tsx(712,17): error TS17004: Cannot use JSX unless the '--jsx' flag is provided.
src/app/admin/lessons/new/page.tsx(716,13): error TS17004: Cannot use JSX unless the '--jsx' flag is provided.
src/app/admin/lessons/new/page.tsx(717,15): error TS17004: Cannot use JSX unless the '--jsx' flag is provided.
src/app/admin/lessons/new/page.tsx(721,11): error TS17004: Cannot use JSX unless the '--jsx' flag is provided.
src/app/admin/lessons/new/page.tsx(722,78): error TS17004: Cannot use JSX unless the '--jsx' flag is provided.
src/app/admin/lessons/new/page.tsx(725,11): error TS17004: Cannot use JSX unless the '--jsx' flag is provided.
src/app/admin/lessons/new/page.tsx(727,15): error TS17004: Cannot use JSX unless the '--jsx' flag is provided.
src/app/admin/lessons/new/page.tsx(734,17): error TS17004: Cannot use JSX unless the '--jsx' flag is provided.
src/app/admin/lessons/new/page.tsx(738,19): error TS17004: Cannot use JSX unless the '--jsx' flag is provided.
src/app/admin/lessons/new/page.tsx(739,21): error TS17004: Cannot use JSX unless the '--jsx' flag is provided.
src/app/admin/lessons/new/page.tsx(742,21): error TS17004: Cannot use JSX unless the '--jsx' flag is provided.
src/app/admin/lessons/new/page.tsx(751,19): error TS17004: Cannot use JSX unless the '--jsx' flag is provided.
src/app/admin/lessons/new/page.tsx(752,21): error TS17004: Cannot use JSX unless the '--jsx' flag is provided.
src/app/admin/lessons/new/page.tsx(757,23): error TS17004: Cannot use JSX unless the '--jsx' flag is provided.
src/app/admin/lessons/new/page.tsx(759,21): error TS17004: Cannot use JSX unless the '--jsx' flag is provided.
src/app/admin/lessons/new/page.tsx(764,23): error TS17004: Cannot use JSX unless the '--jsx' flag is provided.
src/app/admin/lessons/new/page.tsx(767,23): error TS17004: Cannot use JSX unless the '--jsx' flag is provided.
src/app/admin/lessons/new/page.tsx(771,25): error TS17004: Cannot use JSX unless the '--jsx' flag is provided.
src/app/admin/lessons/new/page.tsx(774,21): error TS17004: Cannot use JSX unless the '--jsx' flag is provided.
src/app/admin/lessons/new/page.tsx(780,19): error TS17004: Cannot use JSX unless the '--jsx' flag is provided.
src/app/admin/lessons/new/page.tsx(782,21): error TS17004: Cannot use JSX unless the '--jsx' flag is provided.
src/app/admin/lessons/new/page.tsx(783,23): error TS17004: Cannot use JSX unless the '--jsx' flag is provided.
src/app/admin/lessons/new/page.tsx(786,23): error TS17004: Cannot use JSX unless the '--jsx' flag is provided.
src/app/admin/lessons/new/page.tsx(791,25): error TS17004: Cannot use JSX unless the '--jsx' flag is provided.
src/app/admin/lessons/new/page.tsx(794,23): error TS17004: Cannot use JSX unless the '--jsx' flag is provided.
src/app/admin/lessons/new/page.tsx(796,23): error TS17004: Cannot use JSX unless the '--jsx' flag is provided.
src/app/admin/lessons/new/page.tsx(801,25): error TS17004: Cannot use JSX unless the '--jsx' flag is provided.
src/app/admin/lessons/new/page.tsx(803,23): error TS17004: Cannot use JSX unless the '--jsx' flag is provided.
src/app/admin/lessons/new/page.tsx(808,25): error TS17004: Cannot use JSX unless the '--jsx' flag is provided.
src/app/admin/lessons/new/page.tsx(810,23): error TS17004: Cannot use JSX unless the '--jsx' flag is provided.
src/app/admin/lessons/new/page.tsx(815,25): error TS17004: Cannot use JSX unless the '--jsx' flag is provided.
src/app/admin/lessons/new/page.tsx(817,23): error TS17004: Cannot use JSX unless the '--jsx' flag is provided.
src/app/admin/lessons/new/page.tsx(822,25): error TS17004: Cannot use JSX unless the '--jsx' flag is provided.
src/app/admin/lessons/new/page.tsx(824,23): error TS17004: Cannot use JSX unless the '--jsx' flag is provided.
src/app/admin/lessons/new/page.tsx(833,21): error TS17004: Cannot use JSX unless the '--jsx' flag is provided.
src/app/admin/lessons/new/page.tsx(843,21): error TS17004: Cannot use JSX unless the '--jsx' flag is provided.
src/app/admin/lessons/new/page.tsx(854,9): error TS17004: Cannot use JSX unless the '--jsx' flag is provided.
src/app/admin/lessons/new/page.tsx(855,11): error TS17004: Cannot use JSX unless the '--jsx' flag is provided.
src/app/admin/lessons/new/page.tsx(856,13): error TS17004: Cannot use JSX unless the '--jsx' flag is provided.
src/app/admin/lessons/new/page.tsx(857,15): error TS17004: Cannot use JSX unless the '--jsx' flag is provided.
src/app/admin/lessons/new/page.tsx(858,17): error TS17004: Cannot use JSX unless the '--jsx' flag is provided.
src/app/admin/lessons/new/page.tsx(862,13): error TS17004: Cannot use JSX unless the '--jsx' flag is provided.
src/app/admin/lessons/new/page.tsx(863,15): error TS17004: Cannot use JSX unless the '--jsx' flag is provided.
src/app/admin/lessons/new/page.tsx(864,17): error TS17004: Cannot use JSX unless the '--jsx' flag is provided.
src/app/admin/lessons/new/page.tsx(866,15): error TS17004: Cannot use JSX unless the '--jsx' flag is provided.
src/app/admin/lessons/new/page.tsx(867,17): error TS17004: Cannot use JSX unless the '--jsx' flag is provided.
src/app/admin/lessons/new/page.tsx(873,13): error TS17004: Cannot use JSX unless the '--jsx' flag is provided.
src/app/admin/lessons/new/page.tsx(874,15): error TS17004: Cannot use JSX unless the '--jsx' flag is provided.
src/app/admin/lessons/new/page.tsx(875,15): error TS17004: Cannot use JSX unless the '--jsx' flag is provided.
src/app/admin/lessons/new/page.tsx(876,15): error TS17004: Cannot use JSX unless the '--jsx' flag is provided.
src/app/admin/lessons/new/page.tsx(879,13): error TS17004: Cannot use JSX unless the '--jsx' flag is provided.
src/app/admin/lessons/new/page.tsx(881,17): error TS17004: Cannot use JSX unless the '--jsx' flag is provided.
src/app/admin/lessons/new/page.tsx(882,19): error TS17004: Cannot use JSX unless the '--jsx' flag is provided.
src/app/admin/lessons/new/page.tsx(883,21): error TS17004: Cannot use JSX unless the '--jsx' flag is provided.
src/app/admin/lessons/new/page.tsx(886,19): error TS17004: Cannot use JSX unless the '--jsx' flag is provided.
src/app/admin/lessons/new/page.tsx(888,23): error TS17004: Cannot use JSX unless the '--jsx' flag is provided.
src/app/admin/lessons/new/page.tsx(895,17): error TS17004: Cannot use JSX unless the '--jsx' flag is provided.
src/app/admin/lessons/new/page.tsx(896,19): error TS17004: Cannot use JSX unless the '--jsx' flag is provided.
src/app/admin/lessons/new/page.tsx(897,21): error TS17004: Cannot use JSX unless the '--jsx' flag is provided.
src/app/admin/lessons/new/page.tsx(900,19): error TS17004: Cannot use JSX unless the '--jsx' flag is provided.
src/app/admin/lessons/new/page.tsx(902,23): error TS17004: Cannot use JSX unless the '--jsx' flag is provided.
src/app/admin/lessons/new/page.tsx(912,9): error TS17004: Cannot use JSX unless the '--jsx' flag is provided.
src/app/admin/lessons/new/page.tsx(913,11): error TS17004: Cannot use JSX unless the '--jsx' flag is provided.
src/app/admin/lessons/new/page.tsx(914,13): error TS17004: Cannot use JSX unless the '--jsx' flag is provided.
src/app/admin/lessons/new/page.tsx(916,11): error TS17004: Cannot use JSX unless the '--jsx' flag is provided.
src/app/admin/lessons/new/page.tsx(918,15): error TS17004: Cannot use JSX unless the '--jsx' flag is provided.
src/app/admin/lessons/new/page.tsx(918,17): error TS17004: Cannot use JSX unless the '--jsx' flag is provided.
src/app/admin/lessons/new/page.tsx(920,15): error TS17004: Cannot use JSX unless the '--jsx' flag is provided.
src/app/admin/lessons/new/page.tsx(920,17): error TS17004: Cannot use JSX unless the '--jsx' flag is provided.
src/app/admin/lessons/new/page.tsx(932,9): error TS17004: Cannot use JSX unless the '--jsx' flag is provided.
src/app/admin/lessons/new/page.tsx(933,11): error TS17004: Cannot use JSX unless the '--jsx' flag is provided.
src/app/admin/lessons/new/page.tsx(934,13): error TS17004: Cannot use JSX unless the '--jsx' flag is provided.
src/app/admin/lessons/new/page.tsx(935,15): error TS17004: Cannot use JSX unless the '--jsx' flag is provided.
src/app/admin/lessons/new/page.tsx(936,17): error TS17004: Cannot use JSX unless the '--jsx' flag is provided.
src/app/admin/lessons/new/page.tsx(937,19): error TS17004: Cannot use JSX unless the '--jsx' flag is provided.
src/app/admin/lessons/new/page.tsx(940,17): error TS17004: Cannot use JSX unless the '--jsx' flag is provided.
src/app/admin/lessons/new/page.tsx(942,15): error TS17004: Cannot use JSX unless the '--jsx' flag is provided.
src/app/admin/lessons/new/page.tsx(946,17): error TS17004: Cannot use JSX unless the '--jsx' flag is provided.
src/app/admin/lessons/new/page.tsx(950,13): error TS17004: Cannot use JSX unless the '--jsx' flag is provided.
src/app/admin/lessons/new/page.tsx(951,15): error TS17004: Cannot use JSX unless the '--jsx' flag is provided.
src/app/admin/lessons/new/page.tsx(953,19): error TS17004: Cannot use JSX unless the '--jsx' flag is provided.
src/app/admin/lessons/new/page.tsx(958,21): error TS17004: Cannot use JSX unless the '--jsx' flag is provided.
src/app/admin/lessons/new/page.tsx(959,23): error TS17004: Cannot use JSX unless the '--jsx' flag is provided.
src/app/admin/lessons/new/page.tsx(960,25): error TS17004: Cannot use JSX unless the '--jsx' flag is provided.
src/app/admin/lessons/new/page.tsx(962,23): error TS17004: Cannot use JSX unless the '--jsx' flag is provided.
src/app/admin/lessons/new/page.tsx(963,25): error TS17004: Cannot use JSX unless the '--jsx' flag is provided.
src/app/admin/lessons/new/page.tsx(964,25): error TS17004: Cannot use JSX unless the '--jsx' flag is provided.
src/app/admin/lessons/new/page.tsx(967,21): error TS17004: Cannot use JSX unless the '--jsx' flag is provided.
src/app/admin/lessons/new/page.tsx(997,5): error TS17004: Cannot use JSX unless the '--jsx' flag is provided.
src/app/admin/lessons/new/page.tsx(998,7): error TS17004: Cannot use JSX unless the '--jsx' flag is provided.
src/app/admin/lessons/new/page.tsx(999,9): error TS17004: Cannot use JSX unless the '--jsx' flag is provided.
src/app/admin/lessons/new/page.tsx(1000,11): error TS17004: Cannot use JSX unless the '--jsx' flag is provided.
src/app/admin/lessons/new/page.tsx(1003,11): error TS17004: Cannot use JSX unless the '--jsx' flag is provided.
src/app/admin/lessons/new/page.tsx(1012,9): error TS17004: Cannot use JSX unless the '--jsx' flag is provided.
src/app/admin/lessons/new/page.tsx(1013,11): error TS17004: Cannot use JSX unless the '--jsx' flag is provided.
src/app/admin/lessons/new/page.tsx(1019,13): error TS17004: Cannot use JSX unless the '--jsx' flag is provided.
src/app/admin/lessons/new/page.tsx(1020,13): error TS17004: Cannot use JSX unless the '--jsx' flag is provided.
src/app/admin/lessons/new/page.tsx(1021,13): error TS17004: Cannot use JSX unless the '--jsx' flag is provided.
src/app/admin/lessons/new/page.tsx(1023,11): error TS17004: Cannot use JSX unless the '--jsx' flag is provided.
src/app/admin/lessons/new/page.tsx(1024,13): error TS17004: Cannot use JSX unless the '--jsx' flag is provided.
src/app/admin/lessons/new/page.tsx(1032,13): error TS17004: Cannot use JSX unless the '--jsx' flag is provided.
src/app/admin/lessons/new/page.tsx(1034,11): error TS17004: Cannot use JSX unless the '--jsx' flag is provided.
src/app/admin/lessons/new/page.tsx(1035,13): error TS17004: Cannot use JSX unless the '--jsx' flag is provided.
src/app/admin/lessons/new/page.tsx(1037,11): error TS17004: Cannot use JSX unless the '--jsx' flag is provided.
src/app/admin/lessons/new/page.tsx(1042,9): error TS17004: Cannot use JSX unless the '--jsx' flag is provided.
src/app/admin/lessons/new/page.tsx(1043,11): error TS17004: Cannot use JSX unless the '--jsx' flag is provided.
src/app/admin/lessons/new/page.tsx(1044,13): error TS17004: Cannot use JSX unless the '--jsx' flag is provided.
src/app/admin/lessons/new/page.tsx(1045,13): error TS17004: Cannot use JSX unless the '--jsx' flag is provided.
src/app/admin/lessons/new/page.tsx(1052,11): error TS17004: Cannot use JSX unless the '--jsx' flag is provided.
src/app/admin/lessons/new/page.tsx(1053,13): error TS17004: Cannot use JSX unless the '--jsx' flag is provided.
src/app/admin/lessons/new/page.tsx(1054,13): error TS17004: Cannot use JSX unless the '--jsx' flag is provided.
src/app/admin/lessons/new/page.tsx(1073,5): error TS17004: Cannot use JSX unless the '--jsx' flag is provided.
src/app/admin/lessons/new/page.tsx(1074,7): error TS17004: Cannot use JSX unless the '--jsx' flag is provided.
src/app/admin/lessons/new/page.tsx(1075,9): error TS17004: Cannot use JSX unless the '--jsx' flag is provided.
src/app/admin/lessons/new/page.tsx(1078,7): error TS17004: Cannot use JSX unless the '--jsx' flag is provided.
